// Jest Snapshot v1, https://goo.gl/fbAQLP

exports[`pruebas en el componente <GifGrid /> debe de mostrar correctamente el componente 1`] = `
<Fragment>
  <h3
    className="animate__animated animate__fadeIn"
  >
     
    One punch
  </h3>
  <p
    className="animate__animated animate__flash"
  >
    Loading...
  </p>
  <div
    className="card-grid"
  />
</Fragment>
`;

exports[`pruebas en el componente <GifGrid /> debe de mostrar items cuando se cargan im√°genes useFetchGifs 1`] = `
<Fragment>
  <h3
    className="animate__animated animate__fadeIn"
  >
     
    One punch
  </h3>
  <div
    className="card-grid"
  >
    <GifGridItem
      id="ABC"
      key="ABC"
      title="Cualquier cosa"
      url="https://localhost/cualquier/cosa.png"
    />
    <GifGridItem
      id="123"
      key="123"
      title="Cualquier cosa"
      url="https://localhost/cualquier/cosa.png"
    />
  </div>
</Fragment>
`;
